// Jest Snapshot v1, https://goo.gl/fbAQLP

exports[`<Board /> renders a 5x5 board 1`] = `
<Board
  apple={
    Object {
      "col": 3,
      "row": 3,
    }
  }
  cols={5}
  rows={5}
  snake={
    Array [
      Object {
        "col": 1,
        "row": 1,
      },
    ]
  }
>
  <div
    className="snake__board"
  >
    <Row
      apple={
        Object {
          "col": 3,
          "row": 3,
        }
      }
      cols={5}
      key="0"
      row={0}
      snake={
        Array [
          Object {
            "col": 1,
            "row": 1,
          },
        ]
      }
    >
      <div
        className="snake__board-row"
      >
        <Col
          key="0"
        >
          <div
            className="snake__board-col"
          />
        </Col>
        <Col
          key="1"
        >
          <div
            className="snake__board-col"
          />
        </Col>
        <Col
          key="2"
        >
          <div
            className="snake__board-col"
          />
        </Col>
        <Col
          key="3"
        >
          <div
            className="snake__board-col"
          />
        </Col>
        <Col
          key="4"
        >
          <div
            className="snake__board-col"
          />
        </Col>
      </div>
    </Row>
    <Row
      apple={
        Object {
          "col": 3,
          "row": 3,
        }
      }
      cols={5}
      key="1"
      row={1}
      snake={
        Array [
          Object {
            "col": 1,
            "row": 1,
          },
        ]
      }
    >
      <div
        className="snake__board-row"
      >
        <Col
          key="0"
        >
          <div
            className="snake__board-col"
          />
        </Col>
        <Col
          filled="snake"
          key="1"
        >
          <div
            className="snake__board-col snake__board-col-snake"
          />
        </Col>
        <Col
          key="2"
        >
          <div
            className="snake__board-col"
          />
        </Col>
        <Col
          key="3"
        >
          <div
            className="snake__board-col"
          />
        </Col>
        <Col
          key="4"
        >
          <div
            className="snake__board-col"
          />
        </Col>
      </div>
    </Row>
    <Row
      apple={
        Object {
          "col": 3,
          "row": 3,
        }
      }
      cols={5}
      key="2"
      row={2}
      snake={
        Array [
          Object {
            "col": 1,
            "row": 1,
          },
        ]
      }
    >
      <div
        className="snake__board-row"
      >
        <Col
          key="0"
        >
          <div
            className="snake__board-col"
          />
        </Col>
        <Col
          key="1"
        >
          <div
            className="snake__board-col"
          />
        </Col>
        <Col
          key="2"
        >
          <div
            className="snake__board-col"
          />
        </Col>
        <Col
          key="3"
        >
          <div
            className="snake__board-col"
          />
        </Col>
        <Col
          key="4"
        >
          <div
            className="snake__board-col"
          />
        </Col>
      </div>
    </Row>
    <Row
      apple={
        Object {
          "col": 3,
          "row": 3,
        }
      }
      cols={5}
      key="3"
      row={3}
      snake={
        Array [
          Object {
            "col": 1,
            "row": 1,
          },
        ]
      }
    >
      <div
        className="snake__board-row"
      >
        <Col
          key="0"
        >
          <div
            className="snake__board-col"
          />
        </Col>
        <Col
          key="1"
        >
          <div
            className="snake__board-col"
          />
        </Col>
        <Col
          key="2"
        >
          <div
            className="snake__board-col"
          />
        </Col>
        <Col
          filled="apple"
          key="3"
        >
          <div
            className="snake__board-col snake__board-col-apple"
          />
        </Col>
        <Col
          key="4"
        >
          <div
            className="snake__board-col"
          />
        </Col>
      </div>
    </Row>
    <Row
      apple={
        Object {
          "col": 3,
          "row": 3,
        }
      }
      cols={5}
      key="4"
      row={4}
      snake={
        Array [
          Object {
            "col": 1,
            "row": 1,
          },
        ]
      }
    >
      <div
        className="snake__board-row"
      >
        <Col
          key="0"
        >
          <div
            className="snake__board-col"
          />
        </Col>
        <Col
          key="1"
        >
          <div
            className="snake__board-col"
          />
        </Col>
        <Col
          key="2"
        >
          <div
            className="snake__board-col"
          />
        </Col>
        <Col
          key="3"
        >
          <div
            className="snake__board-col"
          />
        </Col>
        <Col
          key="4"
        >
          <div
            className="snake__board-col"
          />
        </Col>
      </div>
    </Row>
  </div>
</Board>
`;
