// Jest Snapshot v1, https://goo.gl/fbAQLP

exports[`<Board /> renders a 5x5 board 1`] = `
<Board
  col={5}
  row={5}
>
  <div
    className="snake__board"
  >
    <Row
      col={5}
      key="0"
    >
      <div
        className="snake__board-row"
      >
        <Col
          key="0"
        >
          <div
            className="snake__board-col"
          />
        </Col>
        <Col
          key="1"
        >
          <div
            className="snake__board-col"
          />
        </Col>
        <Col
          key="2"
        >
          <div
            className="snake__board-col"
          />
        </Col>
        <Col
          key="3"
        >
          <div
            className="snake__board-col"
          />
        </Col>
        <Col
          key="4"
        >
          <div
            className="snake__board-col"
          />
        </Col>
      </div>
    </Row>
    <Row
      col={5}
      key="1"
    >
      <div
        className="snake__board-row"
      >
        <Col
          key="0"
        >
          <div
            className="snake__board-col"
          />
        </Col>
        <Col
          key="1"
        >
          <div
            className="snake__board-col"
          />
        </Col>
        <Col
          key="2"
        >
          <div
            className="snake__board-col"
          />
        </Col>
        <Col
          key="3"
        >
          <div
            className="snake__board-col"
          />
        </Col>
        <Col
          key="4"
        >
          <div
            className="snake__board-col"
          />
        </Col>
      </div>
    </Row>
    <Row
      col={5}
      key="2"
    >
      <div
        className="snake__board-row"
      >
        <Col
          key="0"
        >
          <div
            className="snake__board-col"
          />
        </Col>
        <Col
          key="1"
        >
          <div
            className="snake__board-col"
          />
        </Col>
        <Col
          key="2"
        >
          <div
            className="snake__board-col"
          />
        </Col>
        <Col
          key="3"
        >
          <div
            className="snake__board-col"
          />
        </Col>
        <Col
          key="4"
        >
          <div
            className="snake__board-col"
          />
        </Col>
      </div>
    </Row>
    <Row
      col={5}
      key="3"
    >
      <div
        className="snake__board-row"
      >
        <Col
          key="0"
        >
          <div
            className="snake__board-col"
          />
        </Col>
        <Col
          key="1"
        >
          <div
            className="snake__board-col"
          />
        </Col>
        <Col
          key="2"
        >
          <div
            className="snake__board-col"
          />
        </Col>
        <Col
          key="3"
        >
          <div
            className="snake__board-col"
          />
        </Col>
        <Col
          key="4"
        >
          <div
            className="snake__board-col"
          />
        </Col>
      </div>
    </Row>
    <Row
      col={5}
      key="4"
    >
      <div
        className="snake__board-row"
      >
        <Col
          key="0"
        >
          <div
            className="snake__board-col"
          />
        </Col>
        <Col
          key="1"
        >
          <div
            className="snake__board-col"
          />
        </Col>
        <Col
          key="2"
        >
          <div
            className="snake__board-col"
          />
        </Col>
        <Col
          key="3"
        >
          <div
            className="snake__board-col"
          />
        </Col>
        <Col
          key="4"
        >
          <div
            className="snake__board-col"
          />
        </Col>
      </div>
    </Row>
  </div>
</Board>
`;
